01-03 23:00:21.497   838   838 V KeyguardUpdateMonitor: SubInfo:{id=1 iccId=89014103211118510720 simSlotIndex=0 carrierId=1 displayName=T-Mobile carrierName=No service nameSource=3 iconTint=-16746133 number=+15555215554 dataRoaming=0 iconBitmap=android.graphics.Bitmap@4d92956 mcc=310 mnc=260 countryIso=us isEmbedded=false nativeAccessRules=null cardString=89014103211118510720 cardId=-1 isOpportunistic=false groupUUID=null isGroupDisabled=false profileClass=-1 ehplmns=null hplmns=null subscriptionType=0 groupOwner=null carrierConfigAccessRules=null areUiccApplicationsEnabled=true}
01-03 23:00:21.500   539   765 W BestClock: java.time.DateTimeException: Missing NTP fix
01-03 23:00:21.499   838   862 D TelephonyRegistryManager: onSubscriptionsChangedListener callback received.
01-03 23:00:21.505   539   765 W BestClock: java.time.DateTimeException: Missing NTP fix
01-03 23:00:21.509  1183  1183 D CallNotifier: updatePhoneStateListeners: update CF notifications.
01-03 23:00:21.509  1183  1183 I NotificationMgr: updateCfi: subId= 1, visible=N
01-03 23:00:21.510  1183  1183 I NotificationMgr: updateMwi(): subId 1 update to false
01-03 23:00:21.517  2676  2676 I Dialer  : LegacyVoicemailNotificationReceiver.onReceive - received legacy voicemail notification
01-03 23:00:21.517  2676  2676 I Dialer  : LegacyVoicemailNotificationReceiver.onReceive - isRefresh: false
01-03 23:00:21.517  2676  2676 I Dialer  : LegacyVoicemailNotificationReceiver.onReceive - clearing notification
01-03 23:00:21.517  2676  2676 I Dialer  : LegacyVoicemailNotifier.cancelNotification - enter
01-03 23:00:21.534  6241  8717 W MessagingApp: canonicalizeMccMnc: invalid mccmnc:null ,null
01-03 23:00:21.537  6241  8717 I MessagingApp: Carrier configs loaded: Bundle[{httpSocketTimeout=60000, aliasMinChars=2, smsToMmsTextThreshold=-1, enableSMSDeliveryReports=true, maxMessageTextSize=-1, supportMmsContentDisposition=true, enabledTransID=false, aliasEnabled=false, supportHttpCharsetHeader=false, allowAttachAudio=true, smsToMmsTextLengthThreshold=-1, recipientLimit=2147483647, uaProfTagName=x-wap-profile, aliasMaxChars=48, maxImageHeight=480, enableMMSDeliveryReports=false, userAgent=, mmsCloseConnection=false, config_cellBroadcastAppLinks=true, maxSubjectLength=40, httpParams=, enableGroupMms=true, emailGatewayNumber=, maxMessageSize=307200, naiSuffix=, enableMMSReadReports=false, maxImageWidth=640, uaProfUrl=, enabledMMS=true, enabledNotifyWapMMSC=false, sendMultipartSmsAsSeparateMessages=false, enableMultipartSMS=true}] from resources+system for subId=1
01-03 23:00:21.545  2657  2657 D CellBroadcastReceiver: onReceive Intent { act=android.intent.action.SERVICE_STATE flg=0x1000010 cmp=com.android.cellbroadcastreceiver.module/com.android.cellbroadcastreceiver.CellBroadcastReceiver (has extras) }
01-03 23:00:21.553  1183  1183 D CallNotifier: updatePhoneStateListeners: update CF notifications.
01-03 23:00:21.553  1183  1183 I NotificationMgr: updateCfi: subId= 1, visible=N
01-03 23:00:21.555  1183  1183 I NotificationMgr: updateMwi(): subId 1 update to false
01-03 23:00:21.564  1183  1183 I Telephony: TelecomAccountRegistry: onSubscriptionsChanged - update accounts
01-03 23:00:21.564  1183  1183 I Telephony: PstnIncomingCallNotifier: Unregistering: Handler (com.android.internal.telephony.GsmCdmaPhone) {e7c401d}
01-03 23:00:21.564  1183  1183 D Telephony: Unregistering: Handler (com.android.internal.telephony.GsmCdmaPhone) {e7c401d}
01-03 23:00:21.564  1183  1183 I Telephony: TelecomAccountRegistry: setupAccounts: Found 1 phones.  Attempting to register.
01-03 23:00:21.564  1183  1183 I Telephony: TelecomAccountRegistry: setupAccounts: Phone with subscription id 1
01-03 23:00:21.565  2676  2676 I Dialer  : LegacyVoicemailNotificationReceiver.onReceive - received legacy voicemail notification
01-03 23:00:21.565  2676  2676 I Dialer  : LegacyVoicemailNotificationReceiver.onReceive - isRefresh: true
01-03 23:00:21.565  2676  2676 I Dialer  : LegacyVoicemailNotificationReceiver.onReceive - clearing notification
01-03 23:00:21.565  2676  2676 I Dialer  : LegacyVoicemailNotifier.cancelNotification - enter
01-03 23:00:21.574  1183  1183 D Telephony: isEmergencyPreferredAccount: subId=1, activeData=1
01-03 23:00:21.574  1183  1183 D Telephony: isEmergencyPreferredAccount: Device does not require preference.
01-03 23:00:21.574  1183  1183 I Telephony: isRttCurrentlySupported -- regular acct, hasVoiceAvailability: false
01-03 23:00:21.574  1183  1183 I Telephony:  isRttSupported: false
01-03 23:00:21.574  1183  1183 I Telephony:  isRoaming: false
01-03 23:00:21.574  1183  1183 I Telephony:  isOnWfc: false
01-03 23:00:21.587  1183  1183 I Telephony: AccountEntry: Registered phoneAccount: [[ ] PhoneAccount: ComponentInfo{com.android.phone/com.android.services.telephony.TelephonyConnectionService}, ***, UserHandle{0} Capabilities: CallProvider MultiUser PlaceEmerg SimSub  Audio Routes: BESW Schemes: tel voicemail  Extras: Bundle[{android.telecom.extra.SUPPORTS_VIDEO_CALLING_FALLBACK=true}] GroupId: ***] with handle: ComponentInfo{com.android.phone/com.android.services.telephony.TelephonyConnectionService}, ***, UserHandle{0}
01-03 23:00:21.588  1183  1183 I Telephony: PstnIncomingCallNotifier: Registering: Handler (com.android.internal.telephony.GsmCdmaPhone) {e7c401d}
01-03 23:00:21.588  1183  1183 D Telephony: Registering: Handler (com.android.internal.telephony.GsmCdmaPhone) {e7c401d}
01-03 23:00:21.591  1183  1183 I Telephony: TelecomAccountRegistry: Unregistering phone account ComponentInfo{com.android.phone/com.android.services.telephony.TelephonyConnectionService}, ***, UserHandle{0}.
01-03 23:00:21.603  1183  1183 D MultiSimSettingController: onSubscriptionsChanged
01-03 23:00:21.603  1183  1183 D MultiSimSettingController: updateDefaults
01-03 23:00:21.608  1183  1183 D MultiSimSettingController: [updateDefaultValues] change: 0
01-03 23:00:21.611  1183  1183 I CallNotifier: onCallForwardingIndicatorChanged(): subId=1, visible=N
01-03 23:00:21.611  1183  1183 D CallNotifier: updatePhoneStateListeners: update CF notifications.
01-03 23:00:21.611  1183  1183 I NotificationMgr: updateCfi: subId= 1, visible=N
01-03 23:00:21.613  1183  1183 I NotificationMgr: updateMwi(): subId 1 update to false
01-03 23:00:21.623  1183  1183 I Telephony: isRttCurrentlySupported -- regular acct, hasVoiceAvailability: false
01-03 23:00:21.623  1183  1183 I Telephony:  isRttSupported: false
01-03 23:00:21.623  1183  1183 I Telephony:  isRoaming: false
01-03 23:00:21.623  1183  1183 I Telephony:  isOnWfc: false
01-03 23:00:21.624  2676  2676 I Dialer  : LegacyVoicemailNotificationReceiver.onReceive - received legacy voicemail notification
01-03 23:00:21.624  2676  2676 I Dialer  : LegacyVoicemailNotificationReceiver.onReceive - isRefresh: true
01-03 23:00:21.624  2676  2676 I Dialer  : LegacyVoicemailNotificationReceiver.onReceive - clearing notification
01-03 23:00:21.624  2676  2676 I Dialer  : LegacyVoicemailNotifier.cancelNotification - enter
01-03 23:00:21.628  1183  1183 D CallNotifier: updatePhoneStateListeners: update CF notifications.
01-03 23:00:21.628  1183  1183 I NotificationMgr: updateCfi: subId= 1, visible=N
01-03 23:00:21.630  1183  1183 I NotificationMgr: updateMwi(): subId 1 update to false
01-03 23:00:21.640  1183  1183 I Telephony: handleVideoCapabilitesChanged. Video capability - false
01-03 23:00:21.643  2676  2676 I Dialer  : LegacyVoicemailNotificationReceiver.onReceive - received legacy voicemail notification
01-03 23:00:21.643  2676  2676 I Dialer  : LegacyVoicemailNotificationReceiver.onReceive - isRefresh: false
01-03 23:00:21.643  2676  2676 I Dialer  : LegacyVoicemailNotificationReceiver.onReceive - clearing notification
01-03 23:00:21.643  2676  2676 I Dialer  : LegacyVoicemailNotifier.cancelNotification - enter
01-03 23:00:21.645  1183  1183 D Telephony: isEmergencyPreferredAccount: subId=1, activeData=1
01-03 23:00:21.645  1183  1183 D Telephony: isEmergencyPreferredAccount: Device does not require preference.
01-03 23:00:21.646  1183  1183 I Telephony: isRttCurrentlySupported -- regular acct, hasVoiceAvailability: false
01-03 23:00:21.646  1183  1183 I Telephony:  isRttSupported: false
01-03 23:00:21.646  1183  1183 I Telephony:  isRoaming: false
01-03 23:00:21.646  1183  1183 I Telephony:  isOnWfc: false
01-03 23:00:21.679  8848  8848 I ViewInteraction: Checking 'MatchesViewAssertion{viewMatcher=an instance of android.widget.TextView and view.getText() with or without transformation to match: a string containing "Subtotal: $2.00"}' assertion on view view.getId() is <2131231217/com.example.lunchtray:id/subtotal>
01-03 23:00:21.681  8848  8848 I ViewInteraction: Performing 'single click' action on view view.getId() is <2131231128/com.example.lunchtray:id/rice>
01-03 23:00:21.698  1183  1183 D TelephonyProvider: subIdString = 1 subId = 1
01-03 23:00:21.747   539   938 I system_server: oneway function results will be dropped but finished with status OK and parcel size 4
01-03 23:00:21.765   838   838 V KeyguardUpdateMonitor: onSubscriptionInfoChanged()
01-03 23:00:21.766   363   469 D AudioFlinger: mixer(0xf58ce030) throttle end: throttle time(47)
01-03 23:00:21.769  2657  2657 D CellBroadcastReceiver: onReceive Intent { act=android.telephony.action.DEFAULT_SMS_SUBSCRIPTION_CHANGED flg=0x21000010 cmp=com.android.cellbroadcastreceiver.module/com.android.cellbroadcastreceiver.CellBroadcastReceiver (has extras) }
01-03 23:00:21.769  2657  2657 D CellBroadcastReceiver: Start Cell Broadcast configuration.
01-03 23:00:21.795   539   585 E GnssLocationProvider: IGnssConfiguration setEsExtensionSec() failed.
01-03 23:00:21.795   539   585 E GnssConfiguration: Unable to set ES_EXTENSION_SEC: 0
01-03 23:00:21.813  1183  1183 D TelephonyProvider: subIdString = 1 subId = 1
01-03 23:00:21.845   838   838 V KeyguardUpdateMonitor: onSubscriptionInfoChanged()
01-03 23:00:21.845   539   938 D TelephonyRegistryManager: onSubscriptionsChangedListener callback received.
01-03 23:00:21.845   838   862 D TelephonyRegistryManager: onSubscriptionsChangedListener callback received.
01-03 23:00:21.845   539   938 D TelephonyRegistryManager: onSubscriptionsChangedListener callback received.
01-03 23:00:21.845   539   938 I chatty  : uid=1000(system) Binder:539_9 identical 2 lines
01-03 23:00:21.846   539   938 D TelephonyRegistryManager: onSubscriptionsChangedListener callback received.
01-03 23:00:21.846  1183  1227 D TelephonyRegistryManager: onSubscriptionsChangedListener callback received.
01-03 23:00:21.846  1495  1526 D TelephonyRegistryManager: onSubscriptionsChangedListener callback received.
01-03 23:00:21.846   818  1669 D TelephonyRegistryManager: onSubscriptionsChangedListener callback received.
01-03 23:00:21.846  1183  2801 D TelephonyRegistryManager: onSubscriptionsChangedListener callback received.
01-03 23:00:21.846   838   862 D TelephonyRegistryManager: onSubscriptionsChangedListener callback received.
01-03 23:00:21.846  1183  2568 D TelephonyRegistryManager: onSubscriptionsChangedListener callback received.
01-03 23:00:21.846  1183  2801 D TelephonyRegistryManager: onSubscriptionsChangedListener callback received.
01-03 23:00:21.846  1183  2801 I chatty  : uid=1001(radio) Binder:1183_E identical 2 lines
01-03 23:00:21.847  1183  2801 D TelephonyRegistryManager: onSubscriptionsChangedListener callback received.
01-03 23:00:21.847   818  1319 I HeadsetPhoneState: stopListenForPhoneState(), no listener indicates nothing is listening
01-03 23:00:21.847   818  1319 W HeadsetPhoneState: startListenForPhoneState, no event to listen
01-03 23:00:21.847  6241  6260 D TelephonyRegistryManager: onSubscriptionsChangedListener callback received.
01-03 23:00:21.854   838   838 V KeyguardUpdateMonitor: SubInfo:{id=1 iccId=89014103211118510720 simSlotIndex=0 carrierId=1 displayName=T-Mobile carrierName=No service nameSource=3 iconTint=-16746133 number=+15555215554 dataRoaming=0 iconBitmap=android.graphics.Bitmap@992fdd7 mcc=310 mnc=260 countryIso=us isEmbedded=false nativeAccessRules=null cardString=89014103211118510720 cardId=-1 isOpportunistic=false groupUUID=null isGroupDisabled=false profileClass=-1 ehplmns=null hplmns=null subscriptionType=0 groupOwner=null carrierConfigAccessRules=null areUiccApplicationsEnabled=true}
01-03 23:00:21.856   838   838 V KeyguardUpdateMonitor: onSubscriptionInfoChanged()
01-03 23:00:21.860   838   838 V KeyguardUpdateMonitor: SubInfo:{id=1 iccId=89014103211118510720 simSlotIndex=0 carrierId=1 displayName=T-Mobile carrierName=No service nameSource=3 iconTint=-16746133 number=+15555215554 dataRoaming=0 iconBitmap=android.graphics.Bitmap@837c6c4 mcc=310 mnc=260 countryIso=us isEmbedded=false nativeAccessRules=null cardString=89014103211118510720 cardId=-1 isOpportunistic=false groupUUID=null isGroupDisabled=false profileClass=-1 ehplmns=null hplmns=null subscriptionType=0 groupOwner=null carrierConfigAccessRules=null areUiccApplicationsEnabled=true}
01-03 23:00:21.862   539   765 W BestClock: java.time.DateTimeException: Missing NTP fix
01-03 23:00:21.867   539   585 E GnssLocationProvider: IGnssConfiguration setEsExtensionSec() failed.
01-03 23:00:21.867   539   585 E GnssConfiguration: Unable to set ES_EXTENSION_SEC: 0
01-03 23:00:21.867  1183  1183 D TelephonyProvider: subIdString = 1 subId = 1
01-03 23:00:21.867  6241  8717 W MessagingApp: canonicalizeMccMnc: invalid mccmnc:null ,null
01-03 23:00:21.870   539   765 W BestClock: java.time.DateTimeException: Missing NTP fix
01-03 23:00:21.878  6241  8717 I MessagingApp: Carrier configs loaded: Bundle[{httpSocketTimeout=60000, aliasMinChars=2, smsToMmsTextThreshold=-1, enableSMSDeliveryReports=true, maxMessageTextSize=-1, supportMmsContentDisposition=true, enabledTransID=false, aliasEnabled=false, supportHttpCharsetHeader=false, allowAttachAudio=true, smsToMmsTextLengthThreshold=-1, recipientLimit=2147483647, uaProfTagName=x-wap-profile, aliasMaxChars=48, maxImageHeight=480, enableMMSDeliveryReports=false, userAgent=, mmsCloseConnection=false, config_cellBroadcastAppLinks=true, maxSubjectLength=40, httpParams=, enableGroupMms=true, emailGatewayNumber=, maxMessageSize=307200, naiSuffix=, enableMMSReadReports=false, maxImageWidth=640, uaProfUrl=, enabledMMS=true, enabledNotifyWapMMSC=false, sendMultipartSmsAsSeparateMessages=false, enableMultipartSMS=true}] from resources+system for subId=1
01-03 23:00:21.880   539 10011 I system_server: oneway function results will be dropped but finished with status OK and parcel size 4
01-03 23:00:21.882   838   838 E StatusBarSignalPolicy: Unexpected subscription 1
01-03 23:00:21.896   838   862 D TelephonyRegistryManager: onSubscriptionsChangedListener callback received.
01-03 23:00:21.896   838   838 V KeyguardUpdateMonitor: onSubscriptionInfoChanged()
01-03 23:00:21.896   539  3314 D TelephonyRegistryManager: onSubscriptionsChangedListener callback received.
01-03 23:00:21.896   539  3314 I chatty  : uid=1000(system) Binder:539_17 identical 2 lines
01-03 23:00:21.896   539  3314 D TelephonyRegistryManager: onSubscriptionsChangedListener callback received.
01-03 23:00:21.896   838   862 D TelephonyRegistryManager: onSubscriptionsChangedListener callback received.
01-03 23:00:21.897   539  3314 D TelephonyRegistryManager: onSubscriptionsChangedListener callback received.
01-03 23:00:21.897  1495  1526 D TelephonyRegistryManager: onSubscriptionsChangedListener callback received.
01-03 23:00:21.897   818  1669 D TelephonyRegistryManager: onSubscriptionsChangedListener callback received.
01-03 23:00:21.897   818  1319 I HeadsetPhoneState: stopListenForPhoneState(), no listener indicates nothing is listening
01-03 23:00:21.897   818  1319 W HeadsetPhoneState: startListenForPhoneState, no event to listen
01-03 23:00:21.898  1183  2568 D TelephonyRegistryManager: onSubscriptionsChangedListener callback received.
01-03 23:00:21.898  1183  2568 D TelephonyRegistryManager: onSubscriptionsChangedListener callback received.
01-03 23:00:21.899   539   765 W BestClock: java.time.DateTimeException: Missing NTP fix
01-03 23:00:21.899  1183  2568 D TelephonyRegistryManager: onSubscriptionsChangedListener callback received.
01-03 23:00:21.899  1183  2391 D TelephonyRegistryManager: onSubscriptionsChangedListener callback received.
01-03 23:00:21.900  6241  6260 D TelephonyRegistryManager: onSubscriptionsChangedListener callback received.
01-03 23:00:21.901  1183  2801 D TelephonyRegistryManager: onSubscriptionsChangedListener callback received.
01-03 23:00:21.902  1183  2506 D TelephonyRegistryManager: onSubscriptionsChangedListener callback received.
01-03 23:00:21.903   539   765 W BestClock: java.time.DateTimeException: Missing NTP fix
01-03 23:00:21.903  1183  2603 D TelephonyRegistryManager: onSubscriptionsChangedListener callback received.
01-03 23:00:21.905   838   838 V KeyguardUpdateMonitor: SubInfo:{id=1 iccId=89014103211118510720 simSlotIndex=0 carrierId=1 displayName=T-Mobile carrierName=No service nameSource=3 iconTint=-16746133 number=+15555215554 dataRoaming=0 iconBitmap=android.graphics.Bitmap@de789ad mcc=310 mnc=260 countryIso=us isEmbedded=false nativeAccessRules=null cardString=89014103211118510720 cardId=-1 isOpportunistic=false groupUUID=null isGroupDisabled=false profileClass=-1 ehplmns=null hplmns=null subscriptionType=0 groupOwner=null carrierConfigAccessRules=null areUiccApplicationsEnabled=true}
01-03 23:00:21.907  1183  1183 D TelephonyProvider: subIdString = 1 subId = 1
01-03 23:00:21.919   539 10011 D TelephonyRegistryManager: onSubscriptionsChangedListener callback received.
01-03 23:00:21.919   539 10011 I chatty  : uid=1000(system) Binder:539_21 identical 3 lines
01-03 23:00:21.919   539 10011 D TelephonyRegistryManager: onSubscriptionsChangedListener callback received.
01-03 23:00:21.919   818  1669 D TelephonyRegistryManager: onSubscriptionsChangedListener callback received.
01-03 23:00:21.919   818  1319 I HeadsetPhoneState: stopListenForPhoneState(), no listener indicates nothing is listening
01-03 23:00:21.920  1495  1526 D TelephonyRegistryManager: onSubscriptionsChangedListener callback received.
01-03 23:00:21.920   818  1319 W HeadsetPhoneState: startListenForPhoneState, no event to listen
01-03 23:00:21.920  1183  2562 D TelephonyRegistryManager: onSubscriptionsChangedListener callback received.
01-03 23:00:21.920  1183  2856 D TelephonyRegistryManager: onSubscriptionsChangedListener callback received.
01-03 23:00:21.920  1183  2375 D TelephonyRegistryManager: onSubscriptionsChangedListener callback received.
01-03 23:00:21.920  1183  2603 D TelephonyRegistryManager: onSubscriptionsChangedListener callback received.
01-03 23:00:21.920  1183  2364 D TelephonyRegistryManager: onSubscriptionsChangedListener callback received.
01-03 23:00:21.921  6241  6260 D TelephonyRegistryManager: onSubscriptionsChangedListener callback received.
01-03 23:00:21.921  1183  2631 D TelephonyRegistryManager: onSubscriptionsChangedListener callback received.
01-03 23:00:21.924   838  1636 D TelephonyRegistryManager: onSubscriptionsChangedListener callback received.
01-03 23:00:21.924   838  1973 D TelephonyRegistryManager: onSubscriptionsChangedListener callback received.
01-03 23:00:21.925  1183  3092 D TelephonyRegistryManager: onSubscriptionsChangedListener callback received.
01-03 23:00:21.931   539   765 W BestClock: java.time.DateTimeException: Missing NTP fix
01-03 23:00:21.937   539   765 W BestClock: java.time.DateTimeException: Missing NTP fix
01-03 23:00:21.949  1183  1183 D TelephonyProvider: subIdString = 1 subId = 1
01-03 23:00:21.965   838   838 V KeyguardUpdateMonitor: onSubscriptionInfoChanged()
01-03 23:00:21.974   838   838 V KeyguardUpdateMonitor: SubInfo:{id=1 iccId=89014103211118510720 simSlotIndex=0 carrierId=1 displayName=T-Mobile carrierName=No service nameSource=3 iconTint=-16746133 number=+15555215554 dataRoaming=0 iconBitmap=android.graphics.Bitmap@aaa9048 mcc=310 mnc=260 countryIso=us isEmbedded=false nativeAccessRules=null cardString=89014103211118510720 cardId=-1 isOpportunistic=false groupUUID=null isGroupDisabled=false profileClass=-1 ehplmns=null hplmns=null subscriptionType=0 groupOwner=null carrierConfigAccessRules=null areUiccApplicationsEnabled=true}
01-03 23:00:21.977  6241  8717 W MessagingApp: canonicalizeMccMnc: invalid mccmnc:null ,null
01-03 23:00:21.979  6241  8717 I MessagingApp: Carrier configs loaded: Bundle[{httpSocketTimeout=60000, aliasMinChars=2, smsToMmsTextThreshold=-1, enableSMSDeliveryReports=true, maxMessageTextSize=-1, supportMmsContentDisposition=true, enabledTransID=false, aliasEnabled=false, supportHttpCharsetHeader=false, allowAttachAudio=true, smsToMmsTextLengthThreshold=-1, recipientLimit=2147483647, uaProfTagName=x-wap-profile, aliasMaxChars=48, maxImageHeight=480, enableMMSDeliveryReports=false, userAgent=, mmsCloseConnection=false, config_cellBroadcastAppLinks=true, maxSubjectLength=40, httpParams=, enableGroupMms=true, emailGatewayNumber=, maxMessageSize=307200, naiSuffix=, enableMMSReadReports=false, maxImageWidth=640, uaProfUrl=, enabledMMS=true, enabledNotifyWapMMSC=false, sendMultipartSmsAsSeparateMessages=false, enableMultipartSMS=true}] from resources+system for subId=1
01-03 23:00:21.993   539   761 D TelephonyRegistryManager: onSubscriptionsChangedListener callback received.
01-03 23:00:21.993   539   761 D TelephonyRegistryManager: onSubscriptionsChangedListener callback received.
01-03 23:00:21.993   838  1973 D TelephonyRegistryManager: onSubscriptionsChangedListener callback received.
01-03 23:00:21.993   539   761 D TelephonyRegistryManager: onSubscriptionsChangedListener callback received.
01-03 23:00:21.994   539   761 I chatty  : uid=1000(system) Binder:539_5 identical 1 line
01-03 23:00:21.995   539   761 D TelephonyRegistryManager: onSubscriptionsChangedListener callback received.
01-03 23:00:21.995   838  1973 D TelephonyRegistryManager: onSubscriptionsChangedListener callback received.
01-03 23:00:21.995   818  1669 D TelephonyRegistryManager: onSubscriptionsChangedListener callback received.
01-03 23:00:21.995   818  1319 I HeadsetPhoneState: stopListenForPhoneState(), no listener indicates nothing is listening
01-03 23:00:21.995   818  1319 W HeadsetPhoneState: startListenForPhoneState, no event to listen
01-03 23:00:21.996  1495  1526 D TelephonyRegistryManager: onSubscriptionsChangedListener callback received.
01-03 23:00:21.997  1183  2568 D TelephonyRegistryManager: onSubscriptionsChangedListener callback received.
01-03 23:00:21.998  1183  2568 D TelephonyRegistryManager: onSubscriptionsChangedListener callback received.
01-03 23:00:21.998  1183  1227 D TelephonyRegistryManager: onSubscriptionsChangedListener callback received.
01-03 23:00:21.999   539   765 W BestClock: java.time.DateTimeException: Missing NTP fix
01-03 23:00:22.003   539   765 W BestClock: java.time.DateTimeException: Missing NTP fix
01-03 23:00:22.004  1183  2568 D TelephonyRegistryManager: onSubscriptionsChangedListener callback received.
01-03 23:00:22.004  1183  2506 D TelephonyRegistryManager: onSubscriptionsChangedListener callback received.
01-03 23:00:22.004  6241  6260 D TelephonyRegistryManager: onSubscriptionsChangedListener callback received.
01-03 23:00:22.004  1183  2506 D TelephonyRegistryManager: onSubscriptionsChangedListener callback received.
01-03 23:00:22.004  1183  2631 D TelephonyRegistryManager: onSubscriptionsChangedListener callback received.
01-03 23:00:22.008  1183  1183 D TelephonyProvider: subIdString = 1 subId = 1
01-03 23:00:22.009   838   838 V KeyguardUpdateMonitor: onSubscriptionInfoChanged()
01-03 23:00:22.012   838   838 V KeyguardUpdateMonitor: SubInfo:{id=1 iccId=89014103211118510720 simSlotIndex=0 carrierId=1 displayName=T-Mobile carrierName=No service nameSource=3 iconTint=-16746133 number=+15555215554 dataRoaming=0 iconBitmap=android.graphics.Bitmap@afc68f4 mcc=310 mnc=260 countryIso=us isEmbedded=false nativeAccessRules=null cardString=89014103211118510720 cardId=-1 isOpportunistic=false groupUUID=null isGroupDisabled=false profileClass=-1 ehplmns=null hplmns=null subscriptionType=0 groupOwner=null carrierConfigAccessRules=null areUiccApplicationsEnabled=true}
01-03 23:00:22.016  6241  8900 W MessagingApp: canonicalizeMccMnc: invalid mccmnc:null ,null
01-03 23:00:22.019  6241  8900 I MessagingApp: Carrier configs loaded: Bundle[{httpSocketTimeout=60000, aliasMinChars=2, smsToMmsTextThreshold=-1, enableSMSDeliveryReports=true, maxMessageTextSize=-1, supportMmsContentDisposition=true, enabledTransID=false, aliasEnabled=false, supportHttpCharsetHeader=false, allowAttachAudio=true, smsToMmsTextLengthThreshold=-1, recipientLimit=2147483647, uaProfTagName=x-wap-profile, aliasMaxChars=48, maxImageHeight=480, enableMMSDeliveryReports=false, userAgent=, mmsCloseConnection=false, config_cellBroadcastAppLinks=true, maxSubjectLength=40, httpParams=, enableGroupMms=true, emailGatewayNumber=, maxMessageSize=307200, naiSuffix=, enableMMSReadReports=false, maxImageWidth=640, uaProfUrl=, enabledMMS=true, enabledNotifyWapMMSC=false, sendMultipartSmsAsSeparateMessages=false, enableMultipartSMS=true}] from resources+system for subId=1
01-03 23:00:22.026   838  1973 D TelephonyRegistryManager: onSubscriptionsChangedListener callback received.
01-03 23:00:22.027   838   838 V KeyguardUpdateMonitor: onSubscriptionInfoChanged()
01-03 23:00:22.027   539  7204 D TelephonyRegistryManager: onSubscriptionsChangedListener callback received.
01-03 23:00:22.027   539  7204 I chatty  : uid=1000(system) Binder:539_1E identical 1 line
01-03 23:00:22.027   539  7204 D TelephonyRegistryManager: onSubscriptionsChangedListener callback received.
01-03 23:00:22.029   838   838 V KeyguardUpdateMonitor: SubInfo:{id=1 iccId=89014103211118510720 simSlotIndex=0 carrierId=1 displayName=T-Mobile carrierName=No service nameSource=3 iconTint=-16746133 number=+15555215554 dataRoaming=0 iconBitmap=android.graphics.Bitmap@62b381d mcc=310 mnc=260 countryIso=us isEmbedded=false nativeAccessRules=null cardString=89014103211118510720 cardId=-1 isOpportunistic=false groupUUID=null isGroupDisabled=false profileClass=-1 ehplmns=null hplmns=null subscriptionType=0 groupOwner=null carrierConfigAccessRules=null areUiccApplicationsEnabled=true}
01-03 23:00:22.029   539  7204 D TelephonyRegistryManager: onSubscriptionsChangedListener callback received.
01-03 23:00:22.030   539  7204 D TelephonyRegistryManager: onSubscriptionsChangedListener callback received.
01-03 23:00:22.030   838  1973 D TelephonyRegistryManager: onSubscriptionsChangedListener callback received.
01-03 23:00:22.032   539   765 W BestClock: java.time.DateTimeException: Missing NTP fix
01-03 23:00:22.033   818  1669 D TelephonyRegistryManager: onSubscriptionsChangedListener callback received.
01-03 23:00:22.033  1495  1526 D TelephonyRegistryManager: onSubscriptionsChangedListener callback received.
01-03 23:00:22.033   818  1319 I HeadsetPhoneState: stopListenForPhoneState(), no listener indicates nothing is listening
01-03 23:00:22.033   818  1319 W HeadsetPhoneState: startListenForPhoneState, no event to listen
01-03 23:00:22.033  1183  3092 D TelephonyRegistryManager: onSubscriptionsChangedListener callback received.
01-03 23:00:22.035  1183  3092 I chatty  : uid=1001(radio) Binder:1183_10 identical 5 lines
01-03 23:00:22.035  1183  3092 D TelephonyRegistryManager: onSubscriptionsChangedListener callback received.
01-03 23:00:22.035  6241  6260 D TelephonyRegistryManager: onSubscriptionsChangedListener callback received.
01-03 23:00:22.037   539   765 W BestClock: java.time.DateTimeException: Missing NTP fix
01-03 23:00:22.045  6241  8717 W MessagingApp: canonicalizeMccMnc: invalid mccmnc:null ,null
01-03 23:00:22.047  6241  8717 I MessagingApp: Carrier configs loaded: Bundle[{httpSocketTimeout=60000, aliasMinChars=2, smsToMmsTextThreshold=-1, enableSMSDeliveryReports=true, maxMessageTextSize=-1, supportMmsContentDisposition=true, enabledTransID=false, aliasEnabled=false, supportHttpCharsetHeader=false, allowAttachAudio=true, smsToMmsTextLengthThreshold=-1, recipientLimit=2147483647, uaProfTagName=x-wap-profile, aliasMaxChars=48, maxImageHeight=480, enableMMSDeliveryReports=false, userAgent=, mmsCloseConnection=false, config_cellBroadcastAppLinks=true, maxSubjectLength=40, httpParams=, enableGroupMms=true, emailGatewayNumber=, maxMessageSize=307200, naiSuffix=, enableMMSReadReports=false, maxImageWidth=640, uaProfUrl=, enabledMMS=true, enabledNotifyWapMMSC=false, sendMultipartSmsAsSeparateMessages=false, enableMultipartSMS=true}] from resources+system for subId=1
01-03 23:00:22.049  1183  1183 D IntentBroadcaster: Broadcasting and adding intent for rebroadcast: android.intent.action.SIM_STATE_CHANGED LOADED for phoneId 0
01-03 23:00:22.058   539   539 D WifiService: resetting networks because SIM was loaded
01-03 23:00:22.059   539   768 D WifiClientModeImpl: resetting EAP-SIM/AKA/AKA' networks since SIM was changed
01-03 23:00:22.059  1183  1183 D TelephonyProvider: subIdString = 1 subId = 1
01-03 23:00:22.059  1183  1183 D TelephonyProvider: getPreferredApnIdFromApn: for subId 1
01-03 23:00:22.060   539   768 W WifiNetworkSuggestionsManager: SIM state is changed!
01-03 23:00:22.063   838   838 V KeyguardUpdateMonitor: action android.intent.action.SIM_STATE_CHANGED state: LOADED slotId: 0 subid: 1
01-03 23:00:22.064   838   838 D KeyguardUpdateMonitor: handleSimStateChange(subId=1, slotId=0, state=5)
01-03 23:00:22.073  6241  8900 W MessagingApp: canonicalizeMccMnc: invalid mccmnc:null ,null
01-03 23:00:22.074   539   768 D WifiConfigStore: Writing to stores completed in 14 ms.
01-03 23:00:22.076  6241  8900 I MessagingApp: Carrier configs loaded: Bundle[{httpSocketTimeout=60000, aliasMinChars=2, smsToMmsTextThreshold=-1, enableSMSDeliveryReports=true, maxMessageTextSize=-1, supportMmsContentDisposition=true, enabledTransID=false, aliasEnabled=false, supportHttpCharsetHeader=false, allowAttachAudio=true, smsToMmsTextLengthThreshold=-1, recipientLimit=2147483647, uaProfTagName=x-wap-profile, aliasMaxChars=48, maxImageHeight=480, enableMMSDeliveryReports=false, userAgent=, mmsCloseConnection=false, config_cellBroadcastAppLinks=true, maxSubjectLength=40, httpParams=, enableGroupMms=true, emailGatewayNumber=, maxMessageSize=307200, naiSuffix=, enableMMSReadReports=false, maxImageWidth=640, uaProfUrl=, enabledMMS=true, enabledNotifyWapMMSC=false, sendMultipartSmsAsSeparateMessages=false, enableMultipartSMS=true}] from resources+system for subId=1
01-03 23:00:22.080  1183  1183 D CarrierIdProvider: updateCarrierIdForSubId: 1
01-03 23:00:22.081  1183  1183 D TelephonyProvider: subIdString = 1 subId = 1
01-03 23:00:22.108   539  2571 D TelephonyRegistryManager: onSubscriptionsChangedListener callback received.
01-03 23:00:22.108   838  1973 D TelephonyRegistryManager: onSubscriptionsChangedListener callback received.
01-03 23:00:22.108   838   838 V KeyguardUpdateMonitor: onSubscriptionInfoChanged()
01-03 23:00:22.108   539  2571 D TelephonyRegistryManager: onSubscriptionsChangedListener callback received.
01-03 23:00:22.109   539  2571 I chatty  : uid=1000(system) Binder:539_14 identical 2 lines
01-03 23:00:22.110   539  2571 D TelephonyRegistryManager: onSubscriptionsChangedListener callback received.
01-03 23:00:22.110  1183  2391 D TelephonyRegistryManager: onSubscriptionsChangedListener callback received.
01-03 23:00:22.110  1495  1526 D TelephonyRegistryManager: onSubscriptionsChangedListener callback received.
01-03 23:00:22.110  1183  2631 D TelephonyRegistryManager: onSubscriptionsChangedListener callback received.
01-03 23:00:22.110   818  1669 D TelephonyRegistryManager: onSubscriptionsChangedListener callback received.
01-03 23:00:22.110  1183  2391 D TelephonyRegistryManager: onSubscriptionsChangedListener callback received.
01-03 23:00:22.110   838  1973 D TelephonyRegistryManager: onSubscriptionsChangedListener callback received.
01-03 23:00:22.110  1183  2391 D TelephonyRegistryManager: onSubscriptionsChangedListener callback received.
01-03 23:00:22.110   818  1319 I HeadsetPhoneState: stopListenForPhoneState(), no listener indicates nothing is listening
01-03 23:00:22.110   818  1319 W HeadsetPhoneState: startListenForPhoneState, no event to listen
01-03 23:00:22.110  1183  2391 D TelephonyRegistryManager: onSubscriptionsChangedListener callback received.
01-03 23:00:22.110  1183  2391 I chatty  : uid=1001(radio) Binder:1183_6 identical 1 line
01-03 23:00:22.111  1183  2391 D TelephonyRegistryManager: onSubscriptionsChangedListener callback received.
01-03 23:00:22.111  6241  6260 D TelephonyRegistryManager: onSubscriptionsChangedListener callback received.
01-03 23:00:22.112   838   838 V KeyguardUpdateMonitor: SubInfo:{id=1 iccId=89014103211118510720 simSlotIndex=0 carrierId=1 displayName=T-Mobile carrierName=No service nameSource=3 iconTint=-16746133 number=+15555215554 dataRoaming=0 iconBitmap=android.graphics.Bitmap@eedea92 mcc=310 mnc=260 countryIso=us isEmbedded=false nativeAccessRules=null cardString=89014103211118510720 cardId=-1 isOpportunistic=false groupUUID=null isGroupDisabled=false profileClass=-1 ehplmns=null hplmns=null subscriptionType=0 groupOwner=null carrierConfigAccessRules=null areUiccApplicationsEnabled=true}
01-03 23:00:22.116   539   765 W BestClock: java.time.DateTimeException: Missing NTP fix
01-03 23:00:22.121  1183  1183 D CarrierConfigLoader: Update config for phoneId: 0 simState: LOADED
01-03 23:00:22.121  1183  1183 D CarrierSvcBindHelper: update binding for phoneId: 0 simState: LOADED
01-03 23:00:22.121  1183  1183 D MultiSimSettingController: onDefaultDataSettingChanged
01-03 23:00:22.127   539   765 W BestClock: java.time.DateTimeException: Missing NTP fix
01-03 23:00:22.128  1183  1183 D MultiSimSettingController: onDefaultDataSettingChanged
01-03 23:00:22.141  6241  8900 W MessagingApp: canonicalizeMccMnc: invalid mccmnc:null ,null
01-03 23:00:22.143  6241  8900 I MessagingApp: Carrier configs loaded: Bundle[{httpSocketTimeout=60000, aliasMinChars=2, smsToMmsTextThreshold=-1, enableSMSDeliveryReports=true, maxMessageTextSize=-1, supportMmsContentDisposition=true, enabledTransID=false, aliasEnabled=false, supportHttpCharsetHeader=false, allowAttachAudio=true, smsToMmsTextLengthThreshold=-1, recipientLimit=2147483647, uaProfTagName=x-wap-profile, aliasMaxChars=48, maxImageHeight=480, enableMMSDeliveryReports=false, userAgent=, mmsCloseConnection=false, config_cellBroadcastAppLinks=true, maxSubjectLength=40, httpParams=, enableGroupMms=true, emailGatewayNumber=, maxMessageSize=307200, naiSuffix=, enableMMSReadReports=false, maxImageWidth=640, uaProfUrl=, enabledMMS=true, enabledNotifyWapMMSC=false, sendMultipartSmsAsSeparateMessages=false, enableMultipartSMS=true}] from resources+system for subId=1
01-03 23:00:22.144  1183  1183 D CallNotifier: updatePhoneStateListeners: update CF notifications.
01-03 23:00:22.144  1183  1183 I NotificationMgr: updateCfi: subId= 1, visible=N
01-03 23:00:22.146  1183  1183 I NotificationMgr: updateMwi(): subId 1 update to false
01-03 23:00:22.152  1183  1183 I Telephony: TelecomAccountRegistry: onSubscriptionsChanged - update accounts
01-03 23:00:22.152  1183  1183 I Telephony: PstnIncomingCallNotifier: Unregistering: Handler (com.android.internal.telephony.GsmCdmaPhone) {e7c401d}
01-03 23:00:22.152  1183  1183 D Telephony: Unregistering: Handler (com.android.internal.telephony.GsmCdmaPhone) {e7c401d}
01-03 23:00:22.152  1183  1183 I Telephony: TelecomAccountRegistry: setupAccounts: Found 1 phones.  Attempting to register.
01-03 23:00:22.152  1183  1183 I Telephony: TelecomAccountRegistry: setupAccounts: Phone with subscription id 1
01-03 23:00:22.161  2676  2676 I Dialer  : LegacyVoicemailNotificationReceiver.onReceive - received legacy voicemail notification
01-03 23:00:22.161  2676  2676 I Dialer  : LegacyVoicemailNotificationReceiver.onReceive - isRefresh: true
01-03 23:00:22.161  2676  2676 I Dialer  : LegacyVoicemailNotificationReceiver.onReceive - clearing notification
01-03 23:00:22.161  2676  2676 I Dialer  : LegacyVoicemailNotifier.cancelNotification - enter
01-03 23:00:22.162  1183  1183 D Telephony: isEmergencyPreferredAccount: subId=1, activeData=1
01-03 23:00:22.162  1183  1183 D Telephony: isEmergencyPreferredAccount: Device does not require preference.
01-03 23:00:22.162  1183  1183 I Telephony: isRttCurrentlySupported -- regular acct, hasVoiceAvailability: false
01-03 23:00:22.162  1183  1183 I Telephony:  isRttSupported: false
01-03 23:00:22.162  1183  1183 I Telephony:  isRoaming: false
01-03 23:00:22.162  1183  1183 I Telephony:  isOnWfc: false
01-03 23:00:22.184  1183  1183 I Telephony: AccountEntry: Registered phoneAccount: [[ ] PhoneAccount: ComponentInfo{com.android.phone/com.android.services.telephony.TelephonyConnectionService}, ***, UserHandle{0} Capabilities: CallProvider MultiUser PlaceEmerg SimSub  Audio Routes: BESW Schemes: tel voicemail  Extras: Bundle[{android.telecom.extra.SUPPORTS_VIDEO_CALLING_FALLBACK=true}] GroupId: ***] with handle: ComponentInfo{com.android.phone/com.android.services.telephony.TelephonyConnectionService}, ***, UserHandle{0}
01-03 23:00:22.184  1183  1183 I Telephony: PstnIncomingCallNotifier: Registering: Handler (com.android.internal.telephony.GsmCdmaPhone) {e7c401d}
01-03 23:00:22.184  1183  1183 D Telephony: Registering: Handler (com.android.internal.telephony.GsmCdmaPhone) {e7c401d}
01-03 23:00:22.194  1183  1183 D MultiSimSettingController: onSubscriptionsChanged
01-03 23:00:22.194  1183  1183 D MultiSimSettingController: updateDefaults
01-03 23:00:22.196  1183  1183 D MultiSimSettingController: [updateDefaultValues] change: 0
01-03 23:00:22.202  1183  1183 I Telephony: TelecomAccountRegistry: onSubscriptionsChanged - update accounts
01-03 23:00:22.202  1183  1183 I Telephony: PstnIncomingCallNotifier: Unregistering: Handler (com.android.internal.telephony.GsmCdmaPhone) {e7c401d}
01-03 23:00:22.202  1183  1183 D Telephony: Unregistering: Handler (com.android.internal.telephony.GsmCdmaPhone) {e7c401d}
01-03 23:00:22.202  1183  1183 I Telephony: TelecomAccountRegistry: setupAccounts: Found 1 phones.  Attempting to register.
01-03 23:00:22.202  1183  1183 I Telephony: TelecomAccountRegistry: setupAccounts: Phone with subscription id 1
01-03 23:00:22.212  1183  1183 D Telephony: isEmergencyPreferredAccount: subId=1, activeData=1
01-03 23:00:22.212  1183  1183 D Telephony: isEmergencyPreferredAccount: Device does not require preference.
01-03 23:00:22.214  1183  1183 I Telephony: isRttCurrentlySupported -- regular acct, hasVoiceAvailability: false
01-03 23:00:22.214  1183  1183 I Telephony:  isRttSupported: false
01-03 23:00:22.214  1183  1183 I Telephony:  isRoaming: false
01-03 23:00:22.214  1183  1183 I Telephony:  isOnWfc: false
01-03 23:00:22.221  1183  1183 I Telephony: AccountEntry: Registered phoneAccount: [[ ] PhoneAccount: ComponentInfo{com.android.phone/com.android.services.telephony.TelephonyConnectionService}, ***, UserHandle{0} Capabilities: CallProvider MultiUser PlaceEmerg SimSub  Audio Routes: BESW Schemes: tel voicemail  Extras: Bundle[{android.telecom.extra.SUPPORTS_VIDEO_CALLING_FALLBACK=true}] GroupId: ***] with handle: ComponentInfo{com.android.phone/com.android.services.telephony.TelephonyConnectionService}, ***, UserHandle{0}
01-03 23:00:22.222  1183  1183 I Telephony: PstnIncomingCallNotifier: Registering: Handler (com.android.internal.telephony.GsmCdmaPhone) {e7c401d}
01-03 23:00:22.222  1183  1183 D Telephony: Registering: Handler (com.android.internal.telephony.GsmCdmaPhone) {e7c401d}
01-03 23:00:22.233  1183  1183 D CallNotifier: updatePhoneStateListeners: update CF notifications.
01-03 23:00:22.233  1183  1183 I NotificationMgr: updateCfi: subId= 1, visible=N
01-03 23:00:22.237  1183  1183 I NotificationMgr: updateMwi(): subId 1 update to false
01-03 23:00:22.242  1183  1183 D MultiSimSettingController: onSubscriptionsChanged
01-03 23:00:22.243  1183  1183 D MultiSimSettingController: updateDefaults
01-03 23:00:22.244  2676  2676 I Dialer  : LegacyVoicemailNotificationReceiver.onReceive - received legacy voicemail notification
01-03 23:00:22.245  2676  2676 I Dialer  : LegacyVoicemailNotificationReceiver.onReceive - isRefresh: true
01-03 23:00:22.245  2676  2676 I Dialer  : LegacyVoicemailNotificationReceiver.onReceive - clearing notification
01-03 23:00:22.245  2676  2676 I Dialer  : LegacyVoicemailNotifier.cancelNotification - enter
01-03 23:00:22.248  1183  1183 D MultiSimSettingController: [updateDefaultValues] change: 0
01-03 23:00:22.255  1183  1183 I Telephony: TelecomAccountRegistry: onSubscriptionsChanged - update accounts
01-03 23:00:22.255  1183  1183 I Telephony: PstnIncomingCallNotifier: Unregistering: Handler (com.android.internal.telephony.GsmCdmaPhone) {e7c401d}
01-03 23:00:22.256  1183  1183 D Telephony: Unregistering: Handler (com.android.internal.telephony.GsmCdmaPhone) {e7c401d}
01-03 23:00:22.256  1183  1183 I Telephony: TelecomAccountRegistry: setupAccounts: Found 1 phones.  Attempting to register.
01-03 23:00:22.256  1183  1183 I Telephony: TelecomAccountRegistry: setupAccounts: Phone with subscription id 1
01-03 23:00:22.273  1183  1183 D Telephony: isEmergencyPreferredAccount: subId=1, activeData=1
01-03 23:00:22.273  1183  1183 D Telephony: isEmergencyPreferredAccount: Device does not require preference.
01-03 23:00:22.274  1183  1183 I Telephony: isRttCurrentlySupported -- regular acct, hasVoiceAvailability: false
01-03 23:00:22.274  1183  1183 I Telephony:  isRttSupported: false
01-03 23:00:22.274  1183  1183 I Telephony:  isRoaming: false
01-03 23:00:22.274  1183  1183 I Telephony:  isOnWfc: false
01-03 23:00:22.282  1183  1211 W System  : A resource failed to call close.
01-03 23:00:22.283  1183  1183 I Telephony: AccountEntry: Registered phoneAccount: [[ ] PhoneAccount: ComponentInfo{com.android.phone/com.android.services.telephony.TelephonyConnectionService}, ***, UserHandle{0} Capabilities: CallProvider MultiUser PlaceEmerg SimSub  Audio Routes: BESW Schemes: tel voicemail  Extras: Bundle[{android.telecom.extra.SUPPORTS_VIDEO_CALLING_FALLBACK=true}] GroupId: ***] with handle: ComponentInfo{com.android.phone/com.android.services.telephony.TelephonyConnectionService}, ***, UserHandle{0}
01-03 23:00:22.283  1183  1183 I Telephony: PstnIncomingCallNotifier: Registering: Handler (com.android.internal.telephony.GsmCdmaPhone) {e7c401d}
01-03 23:00:22.283  1183  1183 D Telephony: Registering: Handler (com.android.internal.telephony.GsmCdmaPhone) {e7c401d}
01-03 23:00:22.294  1183  1183 D CallNotifier: updatePhoneStateListeners: update CF notifications.
01-03 23:00:22.295  1183  1183 I NotificationMgr: updateCfi: subId= 1, visible=N
01-03 23:00:22.296  1183  1183 I NotificationMgr: updateMwi(): subId 1 update to false
01-03 23:00:22.300  1183  1183 D MultiSimSettingController: onSubscriptionsChanged
01-03 23:00:22.301  1183  1183 D MultiSimSettingController: updateDefaults
01-03 23:00:22.302  2676  2676 I Dialer  : LegacyVoicemailNotificationReceiver.onReceive - received legacy voicemail notification
01-03 23:00:22.302  2676  2676 I Dialer  : LegacyVoicemailNotificationReceiver.onReceive - isRefresh: true
01-03 23:00:22.302  2676  2676 I Dialer  : LegacyVoicemailNotificationReceiver.onReceive - clearing notification
01-03 23:00:22.302  2676  2676 I Dialer  : LegacyVoicemailNotifier.cancelNotification - enter
01-03 23:00:22.302  1183  1183 D MultiSimSettingController: [updateDefaultValues] change: 0
01-03 23:00:22.307  1183  1183 D CallNotifier: updatePhoneStateListeners: update CF notifications.
01-03 23:00:22.307  1183  1183 I NotificationMgr: updateCfi: subId= 1, visible=N
01-03 23:00:22.309  1183  1183 I NotificationMgr: updateMwi(): subId 1 update to false
01-03 23:00:22.313  1183  1183 I Telephony: TelecomAccountRegistry: onSubscriptionsChanged - update accounts
01-03 23:00:22.313  1183  1183 I Telephony: PstnIncomingCallNotifier: Unregistering: Handler (com.android.internal.telephony.GsmCdmaPhone) {e7c401d}
01-03 23:00:22.313  1183  1183 D Telephony: Unregistering: Handler (com.android.internal.telephony.GsmCdmaPhone) {e7c401d}
01-03 23:00:22.313  1183  1183 I Telephony: TelecomAccountRegistry: setupAccounts: Found 1 phones.  Attempting to register.
01-03 23:00:22.313  1183  1183 I Telephony: TelecomAccountRegistry: setupAccounts: Phone with subscription id 1
01-03 23:00:22.314  2676  2676 I Dialer  : LegacyVoicemailNotificationReceiver.onReceive - received legacy voicemail notification
01-03 23:00:22.314  2676  2676 I Dialer  : LegacyVoicemailNotificationReceiver.onReceive - isRefresh: true
01-03 23:00:22.314  2676  2676 I Dialer  : LegacyVoicemailNotificationReceiver.onReceive - clearing notification
01-03 23:00:22.314  2676  2676 I Dialer  : LegacyVoicemailNotifier.cancelNotification - enter
01-03 23:00:22.324  1183  1183 D Telephony: isEmergencyPreferredAccount: subId=1, activeData=1
01-03 23:00:22.325  1183  1183 D Telephony: isEmergencyPreferredAccount: Device does not require preference.
01-03 23:00:22.327  1183  1183 I Telephony: isRttCurrentlySupported -- regular acct, hasVoiceAvailability: false
01-03 23:00:22.327  1183  1183 I Telephony:  isRttSupported: false
01-03 23:00:22.327  1183  1183 I Telephony:  isRoaming: false
01-03 23:00:22.327  1183  1183 I Telephony:  isOnWfc: false
01-03 23:00:22.327  8848  8848 I ViewInteraction: Checking 'MatchesViewAssertion{viewMatcher=an instance of android.widget.TextView and view.getText() with or without transformation to match: a string containing "Subtotal: $1.50"}' assertion on view view.getId() is <2131231217/com.example.lunchtray:id/subtotal>
01-03 23:00:22.328  8848  8871 I TestRunner: finished: radio_buttons_update_side_menu_subtotal(com.example.lunchtray.OrderFunctionalityTests)
